// Jest Snapshot v1, https://goo.gl/fbAQLP

exports[`Navigation component Navigation matches snapshot 1`] = `
ShallowWrapper {
  Symbol(enzyme.__root__): [Circular],
  Symbol(enzyme.__unrendered__): <Navigation />,
  Symbol(enzyme.__renderer__): Object {
    "batchedUpdates": [Function],
    "getNode": [Function],
    "render": [Function],
    "simulateError": [Function],
    "simulateEvent": [Function],
    "unmount": [Function],
  },
  Symbol(enzyme.__node__): Object {
    "instance": null,
    "key": undefined,
    "nodeType": "class",
    "props": Object {
      "active": false,
      "children": Array [
        <NavLinks
          nsfw={false}
          toggleNavigation={[Function]}
        />,
        <Styled(div)>
          <Styled(span) />
          <Styled(div)>
            Show NSFW content
            <input
              checked={false}
              onChange={[Function]}
              type="checkbox"
            />
          </Styled(div)>
        </Styled(div)>,
        <Styled(button)
          active={false}
          onClick={[Function]}
        >
          <MdMenu />
        </Styled(button)>,
      ],
      "className": "navigation",
    },
    "ref": null,
    "rendered": Array [
      Object {
        "instance": null,
        "key": undefined,
        "nodeType": "function",
        "props": Object {
          "nsfw": false,
          "toggleNavigation": [Function],
        },
        "ref": null,
        "rendered": null,
        "type": [Function],
      },
      Object {
        "instance": null,
        "key": undefined,
        "nodeType": "class",
        "props": Object {
          "children": Array [
            <Styled(span) />,
            <Styled(div)>
              Show NSFW content
              <input
                checked={false}
                onChange={[Function]}
                type="checkbox"
              />
            </Styled(div)>,
          ],
        },
        "ref": null,
        "rendered": Array [
          Object {
            "instance": null,
            "key": undefined,
            "nodeType": "class",
            "props": Object {},
            "ref": null,
            "rendered": null,
            "type": [Function],
          },
          Object {
            "instance": null,
            "key": undefined,
            "nodeType": "class",
            "props": Object {
              "children": Array [
                "Show NSFW content",
                <input
                  checked={false}
                  onChange={[Function]}
                  type="checkbox"
                />,
              ],
            },
            "ref": null,
            "rendered": Array [
              "Show NSFW content",
              Object {
                "instance": null,
                "key": undefined,
                "nodeType": "host",
                "props": Object {
                  "checked": false,
                  "onChange": [Function],
                  "type": "checkbox",
                },
                "ref": null,
                "rendered": null,
                "type": "input",
              },
            ],
            "type": [Function],
          },
        ],
        "type": [Function],
      },
      Object {
        "instance": null,
        "key": undefined,
        "nodeType": "class",
        "props": Object {
          "active": false,
          "children": <MdMenu />,
          "onClick": [Function],
        },
        "ref": null,
        "rendered": Object {
          "instance": null,
          "key": undefined,
          "nodeType": "function",
          "props": Object {},
          "ref": null,
          "rendered": null,
          "type": [Function],
        },
        "type": [Function],
      },
    ],
    "type": [Function],
  },
  Symbol(enzyme.__nodes__): Array [
    Object {
      "instance": null,
      "key": undefined,
      "nodeType": "class",
      "props": Object {
        "active": false,
        "children": Array [
          <NavLinks
            nsfw={false}
            toggleNavigation={[Function]}
          />,
          <Styled(div)>
            <Styled(span) />
            <Styled(div)>
              Show NSFW content
              <input
                checked={false}
                onChange={[Function]}
                type="checkbox"
              />
            </Styled(div)>
          </Styled(div)>,
          <Styled(button)
            active={false}
            onClick={[Function]}
          >
            <MdMenu />
          </Styled(button)>,
        ],
        "className": "navigation",
      },
      "ref": null,
      "rendered": Array [
        Object {
          "instance": null,
          "key": undefined,
          "nodeType": "function",
          "props": Object {
            "nsfw": false,
            "toggleNavigation": [Function],
          },
          "ref": null,
          "rendered": null,
          "type": [Function],
        },
        Object {
          "instance": null,
          "key": undefined,
          "nodeType": "class",
          "props": Object {
            "children": Array [
              <Styled(span) />,
              <Styled(div)>
                Show NSFW content
                <input
                  checked={false}
                  onChange={[Function]}
                  type="checkbox"
                />
              </Styled(div)>,
            ],
          },
          "ref": null,
          "rendered": Array [
            Object {
              "instance": null,
              "key": undefined,
              "nodeType": "class",
              "props": Object {},
              "ref": null,
              "rendered": null,
              "type": [Function],
            },
            Object {
              "instance": null,
              "key": undefined,
              "nodeType": "class",
              "props": Object {
                "children": Array [
                  "Show NSFW content",
                  <input
                    checked={false}
                    onChange={[Function]}
                    type="checkbox"
                  />,
                ],
              },
              "ref": null,
              "rendered": Array [
                "Show NSFW content",
                Object {
                  "instance": null,
                  "key": undefined,
                  "nodeType": "host",
                  "props": Object {
                    "checked": false,
                    "onChange": [Function],
                    "type": "checkbox",
                  },
                  "ref": null,
                  "rendered": null,
                  "type": "input",
                },
              ],
              "type": [Function],
            },
          ],
          "type": [Function],
        },
        Object {
          "instance": null,
          "key": undefined,
          "nodeType": "class",
          "props": Object {
            "active": false,
            "children": <MdMenu />,
            "onClick": [Function],
          },
          "ref": null,
          "rendered": Object {
            "instance": null,
            "key": undefined,
            "nodeType": "function",
            "props": Object {},
            "ref": null,
            "rendered": null,
            "type": [Function],
          },
          "type": [Function],
        },
      ],
      "type": [Function],
    },
  ],
  Symbol(enzyme.__options__): Object {
    "adapter": ReactSixteenAdapter {
      "options": Object {
        "enableComponentDidUpdateOnSetState": true,
        "lifecycles": Object {
          "componentDidUpdate": Object {
            "onSetState": true,
          },
          "getDerivedStateFromProps": true,
          "getSnapshotBeforeUpdate": true,
          "setState": Object {
            "skipsComponentDidUpdateOnNullish": true,
          },
        },
      },
    },
  },
}
`;
